THIS IS EXPECTED OUTCOME
<TMPDIR_FROM_FIXTURE>/TEST
<TMPDIR_FROM_TEMPFILE_MODULE>
<TMPDIR_FROM_TEMPFILE_MODULE>
OBJ ID IS 0X?????????
