sdlfkjadflkadjsf
/private/var/folders/k8/zfp7dvcs1m326gz1brql1tv80000gn/T/pytest-of-uweschmitt/pytest-647/test_should_allways_fail0
sdlfkjadflkadjsf
